// Jest Snapshot v1, https://goo.gl/fbAQLP

exports[`DatePicker Should render the DatePicker component 1`] = `ShallowWrapper {}`;
