// Jest Snapshot v1, https://goo.gl/fbAQLP

exports[`SavingGoal Should render the SavingGoal component 1`] = `ShallowWrapper {}`;
