// Jest Snapshot v1, https://goo.gl/fbAQLP

exports[`Spacing Should render the Spacing component with vertical 10 1`] = `ShallowWrapper {}`;
