// Jest Snapshot v1, https://goo.gl/fbAQLP

exports[`Card Should render the Card component 1`] = `ShallowWrapper {}`;
