// Jest Snapshot v1, https://goo.gl/fbAQLP

exports[`TextField Should render the TextField component 1`] = `ShallowWrapper {}`;
