// Jest Snapshot v1, https://goo.gl/fbAQLP

exports[`Header Should render the Header component 1`] = `ShallowWrapper {}`;
