// Jest Snapshot v1, https://goo.gl/fbAQLP

exports[`Text Should render the Text component with variant label 1`] = `ShallowWrapper {}`;
