// Jest Snapshot v1, https://goo.gl/fbAQLP

exports[`Text Should render the Text component with variant body2 1`] = `ShallowWrapper {}`;
