// Jest Snapshot v1, https://goo.gl/fbAQLP

exports[`Text Should render the Text style with variant body1 1`] = `ShallowWrapper {}`;
