// Jest Snapshot v1, https://goo.gl/fbAQLP

exports[`SimulationResult Should render the SimulationResult component 1`] = `ShallowWrapper {}`;
